[16:56:26] [ServerMain/INFO]: Environment: Environment[sessionHost=https://sessionserver.mojang.com, servicesHost=https://api.minecraftservices.com, profilesHost=https://api.mojang.com, name=PROD]
[16:56:27] [ServerMain/INFO]: Loaded 1470 recipes
[16:56:27] [ServerMain/INFO]: Loaded 1584 advancements
[16:56:27] [Server thread/INFO]: Starting minecraft server version 1.21.11
[16:56:27] [Server thread/INFO]: Loading properties
[16:56:27] [Server thread/INFO]: Default game type: CREATIVE
[16:56:27] [Server thread/INFO]: Generating keypair
[16:56:27] [Server thread/INFO]: Starting Minecraft server on 127.0.0.1:25577
[16:56:28] [Server thread/WARN]: **** SERVER IS RUNNING IN OFFLINE/INSECURE MODE!
[16:56:28] [Server thread/WARN]: The server will make no attempt to authenticate usernames. Beware.
[16:56:28] [Server thread/WARN]: While this makes the game possible to play without internet access, it also opens up the ability for hackers to connect with any username they choose.
[16:56:28] [Server thread/WARN]: To change this, set "online-mode" to "true" in the server.properties file.
[16:56:28] [Server thread/INFO]: Preparing level "isolated"
[16:56:28] [Server thread/INFO]: Loading 0 persistent chunks...
[16:56:28] [Server thread/INFO]: Preparing spawn area: 100%
[16:56:28] [Server thread/INFO]: Time elapsed: 12 ms
[16:56:28] [Server thread/INFO]: Done (0.148s)! For help, type "help"
[16:57:28] [Server thread/INFO]: Server empty for 60 seconds, pausing
[16:57:36] [Server thread/INFO]: Marked chunk [6, 6] in minecraft:overworld to be force loaded
[16:57:37] [Server thread/INFO]: Successfully filled 4 block(s)
[16:57:37] [Server thread/INFO]: Unmarked chunk [6, 6] in minecraft:overworld for force loading
[16:57:37] [Server thread/INFO]: Stopping the server
[16:57:37] [Server thread/INFO]: Stopping server
[16:57:37] [Server thread/INFO]: Saving players
[16:57:37] [Server thread/INFO]: Saving worlds
[16:57:37] [Server thread/INFO]: Saving chunks for level 'ServerLevel[isolated]'/minecraft:overworld
[16:57:37] [Server thread/INFO]: Saving chunks for level 'ServerLevel[isolated]'/minecraft:the_end
[16:57:37] [Server thread/INFO]: Saving chunks for level 'ServerLevel[isolated]'/minecraft:the_nether
[16:57:37] [Server thread/INFO]: ThreadedAnvilChunkStorage (isolated): All chunks are saved
[16:57:37] [Server thread/INFO]: ThreadedAnvilChunkStorage (DIM1): All chunks are saved
[16:57:37] [Server thread/INFO]: ThreadedAnvilChunkStorage (DIM-1): All chunks are saved
[16:57:37] [Server thread/INFO]: ThreadedAnvilChunkStorage: All dimensions are saved
